[2026-05-24 21:39:58] D:\frontend-generator\output\src\components\Navbar\Navbar.tsx
[2026-05-24 21:39:58] D:\frontend-generator\output\src\components\Navbar\index.ts
[2026-05-24 21:54:51] D:\frontend-generator\output\src\apps\Dashboard\Dashboard.tsx
[2026-05-24 21:54:51] D:\frontend-generator\output\src\apps\Dashboard\index.ts
[2026-05-24 22:04:13] D:\frontend-generator\output\src\forms\LoginForm\LoginForm.tsx
[2026-05-24 22:04:13] D:\frontend-generator\output\src\forms\LoginForm\index.ts
[2026-05-24 22:12:25] D:\frontend-generator\output\src\layouts\MainLayout\MainLayout.tsx
[2026-05-24 22:12:25] D:\frontend-generator\output\src\layouts\MainLayout\index.ts
[2026-05-24 22:13:11] D:\frontend-generator\output\src\layouts\useAuth\useAuth.tsx
[2026-05-24 22:13:11] D:\frontend-generator\output\src\layouts\useAuth\index.ts
[2026-05-24 22:14:22] D:\frontend-generator\output\src\modals\AlertModal\AlertModal.tsx
[2026-05-24 22:14:22] D:\frontend-generator\output\src\modals\AlertModal\index.ts
[2026-05-24 22:18:43] D:\frontend-generator\output\src\hooks\tite\tite.ts
[2026-05-24 22:18:43] D:\frontend-generator\output\src\hooks\tite\index.ts
[2026-05-25 00:02:07] D:\frontend-generator\src\components\Sidebar\Sidebar.tsx
[2026-05-25 00:02:07] D:\frontend-generator\src\components\Sidebar\index.ts
[2026-05-25 00:24:16] D:\frontend-generator\src\components\Sidebra\Sidebra.tsx
[2026-05-25 00:24:16] D:\frontend-generator\src\components\Sidebra\index.ts
[2026-05-25 19:26:28] D:\frontend-generator\src\components\Navbar\Navbar.tsx
[2026-05-25 19:26:28] D:\frontend-generator\src\components\Navbar\index.ts
[2026-05-25 20:48:21] D:\frontend-generator\src\hooks\Usage\Usage.ts
[2026-05-25 20:48:21] D:\frontend-generator\src\hooks\Usage\index.ts
[2026-05-25 20:50:52] D:\frontend-generator\src\forms\titeform\titeform.tsx
[2026-05-25 20:50:52] D:\frontend-generator\src\forms\titeform\index.ts
[2026-05-25 21:00:54] D:\frontend-generator\src\modals\modality\modality.tsx
[2026-05-25 21:00:54] D:\frontend-generator\src\modals\modality\index.ts
[2026-05-25 21:01:48] D:\frontend-generator\src\modals\nigality\nigality.tsx
[2026-05-25 21:01:48] D:\frontend-generator\src\modals\nigality\index.ts
[2026-05-25 21:02:09] D:\frontend-generator\src\layouts\2323\2323.tsx
[2026-05-25 21:02:09] D:\frontend-generator\src\layouts\2323\index.ts
[2026-05-25 21:03:45] D:\frontend-generator\src\hooks\hookbalahap\hookbalahap.ts
[2026-05-25 21:03:45] D:\frontend-generator\src\hooks\hookbalahap\index.ts
[2026-05-25 21:05:44] D:\frontend-generator\src\components\11\11.tsx
[2026-05-25 21:05:44] D:\frontend-generator\src\components\11\index.ts
[2026-05-25 21:05:51] D:\frontend-generator\src\components\111\111.tsx
[2026-05-25 21:05:51] D:\frontend-generator\src\components\111\index.ts
[2026-05-25 21:08:43] D:\frontend-generator\src\components\1\1.tsx
[2026-05-25 21:08:43] D:\frontend-generator\src\components\1\index.ts
[2026-05-25 21:09:01] D:\frontend-generator\src\hooks\4\4.ts
[2026-05-25 21:09:01] D:\frontend-generator\src\hooks\4\index.ts
[2026-05-25 21:10:05] D:\frontend-generator\src\hooks\use\use.ts
[2026-05-25 21:10:05] D:\frontend-generator\src\hooks\use\index.ts
[2026-05-25 21:10:45] D:\frontend-generator\src\layouts\nigga\nigga.tsx
[2026-05-25 21:10:45] D:\frontend-generator\src\layouts\nigga\index.ts
[2026-05-28 13:18:04] D:\frontend-generator\src\layouts\tite\tite.tsx
[2026-05-28 13:18:04] D:\frontend-generator\src\layouts\tite\index.ts
[2026-05-28 13:31:51] D:\frontend-generator\src\layouts\tite\tite.tsx
[2026-05-28 13:31:51] D:\frontend-generator\src\layouts\tite\index.ts
[2026-05-28 13:32:13] D:\frontend-generator\src\components\123\123.tsx
[2026-05-28 13:32:13] D:\frontend-generator\src\components\123\index.ts
[2026-05-28 14:46:44] D:\frontend-generator\src\modals\Modalpop\Modalpop.tsx
[2026-05-28 14:46:44] D:\frontend-generator\src\modals\Modalpop\index.ts
[2026-05-28 14:48:20] D:\frontend-generator\src\components\Navigation\Navigation.tsx
[2026-05-28 14:48:20] D:\frontend-generator\src\components\Navigation\index.ts
[2026-05-28 14:50:13] D:\frontend-generator\src\layouts\layouta23\layouta23.tsx
[2026-05-28 14:50:13] D:\frontend-generator\src\layouts\layouta23\index.ts
[2026-05-28 14:50:33] D:\frontend-generator\src\layouts\testing\testing.tsx
[2026-05-28 14:50:33] D:\frontend-generator\src\layouts\testing\index.ts
[2026-05-29 12:20:50] D:\frontend-generator\src\titengmodal\titengmodal.tsx
[2026-05-29 12:20:50] D:\frontend-generator\src\titengmodal\index.ts
[2026-05-29 22:13:50] D:\frontend-generator\src\Formalitynigga\Formalitynigga.tsx
[2026-05-29 22:13:50] D:\frontend-generator\src\Formalitynigga\index.ts
[2026-05-29 22:15:10] D:\frontend-generator\src\hookers\hookers.ts
[2026-05-29 22:15:10] D:\frontend-generator\src\hookers\index.ts
[2026-05-29 22:17:52] D:\frontend-generator\src\hooking\hooking.ts
[2026-05-29 22:17:52] D:\frontend-generator\src\hooking\index.ts
[2026-05-29 22:21:15] D:\frontend-generator\src\nigggaaa\nigggaaa.tsx
[2026-05-29 22:21:15] D:\frontend-generator\src\nigggaaa\index.ts
[2026-05-29 22:48:39] D:\frontend-generator\src\ConfirmModal\ConfirmModal.tsx
[2026-05-29 22:48:39] D:\frontend-generator\src\ConfirmModal\index.ts
[2026-05-29 22:54:09] D:\frontend-generator\src\titenggalit\titenggalit.tsx
[2026-05-29 22:54:09] D:\frontend-generator\src\titenggalit\index.ts
[2026-05-29 22:55:24] D:\frontend-generator\src/forms\Login\Login.tsx
[2026-05-29 22:55:24] D:\frontend-generator\src/forms\Login\index.ts
[2026-06-02 23:14:45] D:\frontend-generator\src/tools\OSINT\OSINT.py
[2026-06-02 23:14:46] D:\frontend-generator\src/tools\OSINT\index.ts
[2026-06-03 10:23:44] D:\frontend-generator\src/controllers\Try\Try.ts
[2026-06-03 10:23:44] D:\frontend-generator\src/controllers\Try\index.ts
[2026-06-03 10:29:22] D:\frontend-generator\src/routes\try2\try2.js
[2026-06-03 10:29:22] D:\frontend-generator\src/routes\try2\index.ts
[2026-06-03 10:29:30] D:\frontend-generator\src/routes\express\express.js
[2026-06-03 10:29:30] D:\frontend-generator\src/routes\express\index.ts
[2026-06-03 10:37:06] D:\frontend-generator\src/systems\323\323.rs
[2026-06-03 10:37:06] D:\frontend-generator\src/systems\323\index.ts
[2026-06-08 10:55:32] D:\frontend-generator\src\User\User.tsx
[2026-06-08 10:55:32] D:\frontend-generator\src\User\index.ts
[2026-06-08 10:55:32] D:\frontend-generator\src/routes\User\User.js
[2026-06-08 10:55:32] D:\frontend-generator\src/routes\User\index.ts
[2026-06-08 11:23:09] D:\frontend-generator\src/cli\Main\Main.py
[2026-06-08 11:23:09] D:\frontend-generator\src/cli\Main\index.ts
[2026-06-09 10:47:14] C:\Users\Carlo\Documents\jaynerator\jaynerator\src\Try\Try.tsx
[2026-06-09 10:47:14] C:\Users\Carlo\Documents\jaynerator\jaynerator\src\Try\index.ts
[2026-06-09 11:00:17] C:\Users\Carlo\Documents\jaynerator\jaynerator\src/cli\Main\Main.py
[2026-06-09 11:00:17] C:\Users\Carlo\Documents\jaynerator\jaynerator\src/cli\Main\index.ts
[2026-06-17 10:27:49] D:\frontend-generator\src\Prod\Prod.tsx
[2026-06-17 10:27:49] D:\frontend-generator\src\Prod\index.ts
[2026-06-17 10:27:50] D:\frontend-generator\src/api/routes\Prod\Prod.py
[2026-06-17 10:27:50] D:\frontend-generator\src/api/routes\Prod\index.ts
[2026-06-17 12:51:37] C:\Users\jay\AppData\Local\Temp\pytest-of-jay\pytest-0\test_generate_component0\components\Navbar\Navbar.tsx
[2026-06-17 12:51:37] C:\Users\jay\AppData\Local\Temp\pytest-of-jay\pytest-0\test_generate_component0\components\Navbar\index.ts
[2026-06-17 12:51:37] C:\Users\jay\AppData\Local\Temp\pytest-of-jay\pytest-0\test_generate_hook_creates_ts_0\hooks\useAuth\useAuth.ts
[2026-06-17 12:51:37] C:\Users\jay\AppData\Local\Temp\pytest-of-jay\pytest-0\test_generate_hook_creates_ts_0\hooks\useAuth\index.ts
[2026-06-17 12:51:37] C:\Users\jay\AppData\Local\Temp\pytest-of-jay\pytest-0\test_generate_no_overwrite0\components\Navbar\Navbar.tsx
[2026-06-17 12:51:37] C:\Users\jay\AppData\Local\Temp\pytest-of-jay\pytest-0\test_generate_no_overwrite0\components\Navbar\index.ts
[2026-07-06 11:03:01] C:\Users\jay\AppData\Local\Temp\pytest-of-jay\pytest-0\test_generate_component0\components\Navbar\Navbar.tsx
[2026-07-06 11:03:01] C:\Users\jay\AppData\Local\Temp\pytest-of-jay\pytest-0\test_generate_component0\components\Navbar\index.ts
[2026-07-06 11:03:01] C:\Users\jay\AppData\Local\Temp\pytest-of-jay\pytest-0\test_generate_hook_creates_ts_0\hooks\useAuth\useAuth.ts
[2026-07-06 11:03:01] C:\Users\jay\AppData\Local\Temp\pytest-of-jay\pytest-0\test_generate_hook_creates_ts_0\hooks\useAuth\index.ts
[2026-07-06 11:03:01] C:\Users\jay\AppData\Local\Temp\pytest-of-jay\pytest-0\test_generate_no_overwrite0\components\Navbar\Navbar.tsx
[2026-07-06 11:03:01] C:\Users\jay\AppData\Local\Temp\pytest-of-jay\pytest-0\test_generate_no_overwrite0\components\Navbar\index.ts
[2026-07-06 12:39:39] D:\frontend-generator\src\6\6.ts
[2026-07-06 12:39:39] D:\frontend-generator\src\6\index.ts
